[Bootstrap]
SetupTitle=Instalar
SetupText=Copiando archivos, espere.
CabFile=ElisaTaller.CAB
Spawn=Setup1.exe
Uninstal=st6unst.exe
TmpDir=msftqws.pdw
Cabs=1

[Bootstrap Files]
File1=@VB6STKIT.DLL,$(WinSysPathSysFile),,,3/26/99 12:00:00 AM,101888,6.0.84.50
File2=@COMCAT.DLL,$(WinSysPathSysFile),$(DLLSelfRegister),,6/1/98 12:00:00 AM,22288,4.71.1460.1
File3=@ASYCFILT.DLL,$(WinSysPathSysFile),,,3/8/99 12:00:00 AM,147728,2.40.4275.1
File4=@OLEPRO32.DLL,$(WinSysPathSysFile),$(DLLSelfRegister),,3/8/99 12:00:00 AM,164112,5.0.4275.1
File5=@OLEAUT32.DLL,$(WinSysPathSysFile),$(DLLSelfRegister),,4/12/00 12:00:00 AM,598288,2.40.4275.1
File6=@STDOLE2.TLB,$(WinSysPathSysFile),$(TLBRegister),,6/3/99 12:00:00 AM,17920,2.40.4275.1
File7=@msvbvm60.dll,$(WinSysPathSysFile),$(DLLSelfRegister),,7/13/09 8:15:50 PM,1386496,6.0.98.15
File8=@MSVCRT40.DLL,$(WinSysPathSysFile),,,6/1/99 12:00:00 AM,326656,4.22.0.0
File9=@VB6ES.DLL,$(WinSysPath),,$(Shared),7/28/98 12:00:00 AM,119568,5.0.81.69

[IconGroups]
Group0=ElisaTaller
PrivateGroup0=-1
Parent0=$(Programs)

[ElisaTaller]
Icon1="ElisaTaller.exe"
Title1=ElisaTaller
StartIn1=$(AppPath)

[Setup]
Title=ElisaTaller
DefaultDir=$(ProgramFiles)\ElisaTaller
AppExe=ElisaTaller.exe
AppToUninstall=ElisaTaller.exe

[Setup1 Files]
File1=@MDAC_TYP.EXE,$(AppPath),,,8/7/98 12:00:00 AM,6477888,4.72.3110.0
File2=@fpspr70.ocx,$(WinSysPath),$(DLLSelfRegister),$(Shared),5/18/05 8:28:52 PM,1406064,7.0.0.30
File3=@CMCT3ES.DLL,$(WinSysPath),$(DLLSelfRegister),$(Shared),7/28/98 12:00:00 AM,28672,6.0.0.8163
File4=@COMCT332.OCX,$(WinSysPath),$(DLLSelfRegister),$(Shared),3/9/04 12:00:00 AM,416528,6.7.0.9782
File5=@MSCH2ES.DLL,$(WinSysPath),,$(Shared),7/28/98 12:00:00 AM,108032,6.0.81.63
File6=@MSCHRT20.OCX,$(WinSysPath),$(DLLSelfRegister),$(Shared),6/26/98 12:00:00 AM,1008432,6.0.81.77
File7=@MSMPIES.DLL,$(WinSysPath),,$(Shared),7/28/98 12:00:00 AM,23040,6.0.81.63
File8=@MSMAPI32.OCX,$(WinSysPath),$(DLLSelfRegister),$(Shared),6/24/98 12:00:00 AM,137000,6.0.81.69
File9=@CMDLGES.DLL,$(WinSysPath),,$(Shared),7/28/98 12:00:00 AM,33280,6.0.81.63
File10=@COMDLG32.OCX,$(WinSysPath),$(DLLSelfRegister),$(Shared),11/10/99 1:50:00 AM,140288,6.0.84.18
File11=@u2fxls.dll,$(WinPath)\Crystal,,$(Shared),2/29/00 9:34:24 PM,208896,8.0.0.25
File12=@u2fwordw.dll,$(WinPath)\Crystal,,$(Shared),2/29/00 9:34:24 PM,106496,8.0.100.4
File13=@u2fwks.dll,$(WinPath)\Crystal,,$(Shared),2/29/00 9:34:24 PM,40960,8.0.0.4
File14=@u2ftext.dll,$(WinPath)\Crystal,,$(Shared),2/29/00 9:34:24 PM,81920,8.0.0.1
File15=@u2fsepv.dll,$(WinPath)\Crystal,,$(Shared),2/29/00 9:34:24 PM,36864,8.0.0.8
File16=@u2frtf.dll,$(WinPath)\Crystal,,$(Shared),2/29/00 9:34:24 PM,122880,8.0.0.33
File17=@u2frec.dll,$(WinPath)\Crystal,,$(Shared),2/29/00 9:34:24 PM,36864,8.0.0.0
File18=@u2fhtml.dll,$(WinPath)\Crystal,,$(Shared),2/29/00 9:34:24 PM,32768,8.0.0.13
File19=@u2fcr.dll,$(WinPath)\Crystal,,$(Shared),2/29/00 9:34:24 PM,28672,8.0.0.1
File20=@u2dmapi.dll,$(WinPath)\Crystal,,$(Shared),2/29/00 9:34:24 PM,40960,8.0.0.0
File21=@u2ddisk.dll,$(WinPath)\Crystal,,$(Shared),2/29/00 9:34:24 PM,28672,8.0.0.0
File22=@p2sodbc.dll,$(WinSysPath),,$(Shared),2/29/00 9:34:26 PM,270336,8.0.0.84
File23=@p2irdao.dll,$(WinSysPath),,$(Shared),2/29/00 9:34:24 PM,61440,8.0.0.5
File24=@p2ctdao.dll,$(WinSysPath),,$(Shared),2/29/00 9:34:24 PM,53248,8.0.0.4
File25=@p2bdao.dll,$(WinSysPath),,$(Shared),2/29/00 9:34:24 PM,94208,8.0.0.4
File26=@P2bbnd.dll,$(WinSysPath),,$(Shared),2/29/00 9:34:24 PM,23040,8.0.0.1
File27=@Crxlat32.dll,$(WinPath)\Crystal,,$(Shared),3/14/00 8:37:24 PM,24576,8.0.0.0
File28=@MSVCRT20.DLL,$(WinSysPathSysFile),,,6/1/98 12:00:00 AM,253952,2.11.0.0
File29=@CO2C40EN.DLL,$(WinSysPath),,$(Shared),6/1/98 12:00:00 AM,748160,4.6.1.106
File30=@pg32.dll,$(WinSysPath),,$(Shared),11/18/96 10:15:56 PM,979456,1.0.0.11
File31=@implode.dll,$(WinSysPath),,$(Shared),11/18/96 10:15:46 PM,18944,1.0.0.1
File32=@crpe32.dll,$(WinSysPath),,$(Shared),1/28/00 3:16:44 AM,5337088,8.0.0.371
File33=@Crystl32.OCX,$(WinSysPath),$(DLLSelfRegister),$(Shared),3/10/00 3:00:14 AM,853468,8.0.0.4
File34=@MSMSKES.DLL,$(WinSysPath),,$(Shared),7/28/98 12:00:00 AM,20480,6.0.81.63
File35=@MSMASK32.OCX,$(WinSysPath),$(DLLSelfRegister),$(Shared),5/7/99 12:00:00 AM,166408,6.0.84.18
File36=@MSHFGES.DLL,$(WinSysPath),,$(Shared),7/23/98 12:00:00 AM,50176,6.0.30.5
File37=@STDFTES.DLL,$(WinSysPath),,$(Shared),7/31/98 12:00:00 AM,6656,6.0.81.63
File38=@MSSTDFMT.DLL,$(WinSysPath),$(DLLSelfRegister),$(Shared),3/26/99 12:00:00 AM,118784,6.0.84.50
File39=@MSHFLXGD.OCX,$(WinSysPath),$(DLLSelfRegister),$(Shared),6/24/98 12:00:00 AM,407104,6.0.30.5
File40=@TABCTES.DLL,$(WinSysPath),,$(Shared),7/28/98 12:00:00 AM,21504,6.0.81.63
File41=@TABCTL32.OCX,$(WinSysPath),$(DLLSelfRegister),$(Shared),5/7/99 12:00:00 AM,209408,6.0.84.18
File42=@FM20.DLL,$(WinSysPath),$(DLLSelfRegister),$(Shared),2/20/10 5:20:18 PM,1207144,14.0.4747.1000
File43=@MSCOMCT2.OCX,$(WinSysPath),$(DLLSelfRegister),$(Shared),3/9/04 3:45:42 PM,662288,6.1.97.82
File44=@DATLSES.DLL,$(WinSysPath),,$(Shared),7/28/98 12:00:00 AM,30208,6.0.81.63
File45=@MSDATLST.OCX,$(WinSysPath),$(DLLSelfRegister),$(Shared),3/9/04 12:00:00 AM,234016,6.0.84.18
File46=@ADODCES.DLL,$(WinSysPath),,$(Shared),7/28/98 12:00:00 AM,15872,6.0.81.63
File47=@MSADODC.OCX,$(WinSysPath),$(DLLSelfRegister),$(Shared),5/7/99 12:00:00 AM,118248,6.0.84.18
File48=@mscomctl.OCX,$(WinSysPath),$(DLLSelfRegister),$(Shared),11/5/15 5:30:48 PM,1070232,6.1.98.46
File49=@ElisaLibs.dll,$(WinSysPath),$(DLLSelfRegister),$(Shared),8/24/15 6:27:23 PM,2256896,5.0.0.37
File50=@apicamc_vol1.dll,$(WinSysPath),$(DLLSelfRegister),$(Shared),8/7/00 12:02:46 AM,28672,1.1.0.5
File51=@aplibv1.dll,$(WinSysPath),$(DLLSelfRegister),$(Shared),9/4/00 4:01:24 AM,24576,1.0.0.0
File52=@apfrm370.dll,$(WinSysPath),$(DLLSelfRegister),$(Shared),10/9/04 2:48:10 PM,4579328,3.7.0.22
File53=@apado370.dll,$(WinSysPath),$(DLLSelfRegister),$(Shared),6/13/03 3:31:00 PM,65536,3.7.0.0
File54=@VB5DB.DLL,$(WinSysPath),,$(Shared),6/18/98 12:00:00 AM,89360,6.0.81.69
File55=@MSREPL35.DLL,$(WinSysPathSysFile),,,5/5/99 10:22:00 PM,430080,3.51.2404.0
File56=@MSRD2X35.DLL,$(WinSysPathSysFile),$(DLLSelfRegister),,4/25/98 12:00:00 AM,252176,3.51.623.0
File57=@expsrv.dll,$(WinSysPathSysFile),,,7/13/09 8:15:20 PM,380957,6.0.72.9589
File58=@vbajet32.dll,$(WinSysPathSysFile),,,7/13/09 8:16:17 PM,30749,6.0.1.9431
File59=@msjint35.dll,$(WinSysPathSysFile),,,7/8/98 12:00:00 AM,146192,3.51.623.0
File60=@msjter35.dll,$(WinSysPathSysFile),,,4/25/98 12:00:00 AM,24848,3.51.623.0
File61=@MSJET35.DLL,$(WinSysPathSysFile),$(DLLSelfRegister),,5/5/99 10:22:00 PM,1056768,3.51.2723.0
File62=@DAO350.DLL,$(MSDAOPath),$(DLLSelfRegister),$(Shared),4/28/98 12:00:00 AM,570128,3.51.1608.0
File63=@DAO2535.TLB,$(MSDAOPath),$(TLBRegister),$(Shared),5/16/98 12:00:00 AM,73184,0.0.0.0
File64=@MSBIND.DLL,$(WinSysPath),$(DLLSelfRegister),$(Shared),3/26/99 12:00:00 AM,77824,6.0.84.50
File65=@ElisaTaller.exe,$(AppPath),,,2/10/20 10:56:05 AM,8822784,5.0.0.175

; Puede eliminar las siguientes líneas para obtener espacio adicional 
; con el fin de personalizar este archivo en un disco de instalación completa.
; 
; XXXXXXXXXXXXXXXXXXXXXXXXXXXXXXXXXXXXXXXXXXXXXXXXXXXXXXXXXXXX
; XXXXXXXXXXXXXXXXXXXXXXXXXXXXXXXXXXXXXXXXXXXXXXXXXXXXXXXXXXXX
; XXXXXXXXXXXXXXXXXXXXXXXXXXXXXXXXXXXXXXXXXXXXXXXXXXXXXXXXXXXX
; XXXXXXXXXXXXXXXXXXXXXXXXXXXXXXXXXXXXXXXXXXXXXXXXXXXXXXXXXXXX
; XXXXXXXXXXXXXXXXXXXXXXXXXXXXXXXXXXXXXXXXXXXXXXXXXXXXXXXXXXXX
; XXXXXXXXXXXXXXXXXXXXXXXXXXXXXXXXXXXXXXXXXXXXXXXXXXXXXXXXXXXX
; XXXXXXXXXXXXXXXXXXXXXXXXXXXXXXXXXXXXXXXXXXXXXXXXXXXXXXXXXXXX
; XXXXXXXXXXXXXXXXXXXXXXXXXXXXXXXXXXXXXXXXXXXXXXXXXXXXXXXXXXXX
; XXXXXXXXXXXXXXXXXXXXXXXXXXXXXXXXXXXXXXXXXXXXXXXXXXXXXXXXXXXX
; XXXXXXXXXXXXXXXXXXXXXXXXXXXXXXXXXXXXXXXXXXXXXXXXXXXXXXXXXXXX
; XXXXXXXXXXXXXXXXXXXXXXXXXXXXXXXXXXXXXXXXXXXXXXXXXXXXXXXXXXXX
; XXXXXXXXXXXXXXXXXXXXXXXXXXXXXXXXXXXXXXXXXXXXXXXXXXXXXXXXXXXX
; XXXXXXXXXXXXXXXXXXXXXXXXXXXXXXXXXXXXXXXXXXXXXXXXXXXXXXXXXXXX
; XXXXXXXXXXXXXXXXXXXXXXXXXXXXXXXXXXXXXXXXXXXXXXXXXXXXXXXXXXXX
; XXXXXXXXXXXXXXXXXXXXXXXXXXXXXXXXXXXXXXXXXXXXXXXXXXXXXXXXXXXX
; XXXXXXXXXXXXXXXXXXXXXXXXXXXXXXXXXXXXXXXXXXXXXXXXXXXXXXXXXXXX
; XXXXXXXXXXXXXXXXXXXXXXXXXXXXXXXXXXXXXXXXXXXXXXXXXXXXXXXXXXXX
; XXXXXXXXXXXXXXXXXXXXXXXXXXXXXXXXXXXXXXXXXXXXXXXXXXXXXXXXXXXX
; XXXXXXXXXXXXXXXXXXXXXXXXXXXXXXXXXXXXXXXXXXXXXXXXXXXXXXXXXXXX
; XXXXXXXXXXXXXXXXXXXXXXXXXXXXXXXXXXXXXXXXXXXXXXXXXXXXXXXXXXXX
; XXXXXXXXXXXXXXXXXXXXXXXXXXXXXXXXXXXXXXXXXXXXXXXXXXXXXXXXXXXX
; XXXXXXXXXXXXXXXXXXXXXXXXXXXXXXXXXXXXXXXXXXXXXXXXXXXXXXXXXXXX
; XXXXXXXXXXXXXXXXXXXXXXXXXXXXXXXXXXXXXXXXXXXXXXXXXXXXXXXXXXXX
; XXXXXXXXXXXXXXXXXXXXXXXXXXXXXXXXXXXXXXXXXXXXXXXXXXXXXXXXXXXX
; XXXXXXXXXXXXXXXXXXXXXXXXXXXXXXXXXXXXXXXXXXXXXXXXXXXXXXXXXXXX
; XXXXXXXXXXXXXXXXXXXXXXXXXXXXXXXXXXXXXXXXXXXXXXXXXXXXXXXXXXXX
; XXXXXXXXXXXXXXXXXXXXXXXXXXXXXXXXXXXXXXXXXXXXXXXXXXXXXXXXXXXX
; XXXXXXXXXXXXXXXXXXXXXXXXXXXXXXXXXXXXXXXXXXXXXXXXXXXXXXXXXXXX
; XXXXXXXXXXXXXXXXXXXXXXXXXXXXXXXXXXXXXXXXXXXXXXXXXXXXXXXXXXXX
; XXXXXXXXXXXXXXXXXXXXXXXXXXXXXXXXXXXXXXXXXXXXXXXXXXXXXXXXXXXX
; XXXXXXXXXXXXXXXXXXXXXXXXXXXXXXXXXXXXXXXXXXXXXXXXXXXXXXXXXXXX
; XXXXXXXXXXXXXXXXXXXXXXXXXXXXXXXXXXXXXXXXXXXXXXXXXXXXXXXXXXXX
; XXXXXXXXXXXXXXXXXXXXXXXXXXXXXXXXXXXXXXXXXXXXXXXXXXXXXXXXXXXX
; XXXXXXXXXXXXXXXXXXXXXXXXXXXXXXXXXXXXXXXXXXXXXXXXXXXXXXXXXXXX
; XXXXXXXXXXXXXXXXXXXXXXXXXXXXXXXXXXXXXXXXXXXXXXXXXXXXXXXXXXXX
